🚀 06_centering_mechanics | Device: cuda | N=10 | Teacher=5ep | Distill=15ep

============================================================
Hook=L1 (net[1]) | Regime=Standard
============================================================
  Epoch  1 | Acc=0.167 | GradBias=0.1539 | GradW=0.6088 | SimL1=0.734 SimL3=0.708 | PC1=0.121
  Epoch  2 | Acc=0.283 | GradBias=0.1087 | GradW=0.4486 | SimL1=0.783 SimL3=0.764 | PC1=0.128
  Epoch  3 | Acc=0.383 | GradBias=0.1167 | GradW=0.4552 | SimL1=0.817 SimL3=0.800 | PC1=0.137
  Epoch  4 | Acc=0.460 | GradBias=0.0690 | GradW=0.2863 | SimL1=0.842 SimL3=0.824 | PC1=0.143
  Epoch  5 | Acc=0.518 | GradBias=0.0669 | GradW=0.2705 | SimL1=0.859 SimL3=0.840 | PC1=0.148
  Epoch  6 | Acc=0.565 | GradBias=0.0660 | GradW=0.2558 | SimL1=0.872 SimL3=0.853 | PC1=0.152
  Epoch  7 | Acc=0.601 | GradBias=0.0725 | GradW=0.2758 | SimL1=0.882 SimL3=0.862 | PC1=0.155
  Epoch  8 | Acc=0.628 | GradBias=0.0641 | GradW=0.2475 | SimL1=0.890 SimL3=0.869 | PC1=0.157
  Epoch  9 | Acc=0.650 | GradBias=0.0557 | GradW=0.2126 | SimL1=0.896 SimL3=0.874 | PC1=0.158
  Epoch 10 | Acc=0.667 | GradBias=0.0587 | GradW=0.2198 | SimL1=0.901 SimL3=0.878 | PC1=0.160
  Epoch 11 | Acc=0.683 | GradBias=0.0594 | GradW=0.2176 | SimL1=0.905 SimL3=0.882 | PC1=0.161
  Epoch 12 | Acc=0.695 | GradBias=0.0630 | GradW=0.2289 | SimL1=0.909 SimL3=0.885 | PC1=0.161
  Epoch 13 | Acc=0.704 | GradBias=0.0427 | GradW=0.1587 | SimL1=0.911 SimL3=0.888 | PC1=0.162
  Epoch 14 | Acc=0.712 | GradBias=0.0322 | GradW=0.1267 | SimL1=0.914 SimL3=0.890 | PC1=0.163
  Epoch 15 | Acc=0.719 | GradBias=0.0512 | GradW=0.1860 | SimL1=0.916 SimL3=0.892 | PC1=0.163

============================================================
Hook=L1 (net[1]) | Regime=Student-Only
============================================================
  Epoch  1 | Acc=0.234 | GradBias=0.2824 | GradW=0.7024 | SimL1=0.725 SimL3=0.682 | PC1=0.119
  Epoch  2 | Acc=0.357 | GradBias=0.2691 | GradW=0.6374 | SimL1=0.766 SimL3=0.722 | PC1=0.126
  Epoch  3 | Acc=0.453 | GradBias=0.2536 | GradW=0.5976 | SimL1=0.795 SimL3=0.750 | PC1=0.132
  Epoch  4 | Acc=0.516 | GradBias=0.2504 | GradW=0.5747 | SimL1=0.816 SimL3=0.770 | PC1=0.137
  Epoch  5 | Acc=0.559 | GradBias=0.2545 | GradW=0.5746 | SimL1=0.831 SimL3=0.783 | PC1=0.142
  Epoch  6 | Acc=0.589 | GradBias=0.3056 | GradW=0.6722 | SimL1=0.842 SimL3=0.793 | PC1=0.144
  Epoch  7 | Acc=0.612 | GradBias=0.2669 | GradW=0.5843 | SimL1=0.851 SimL3=0.801 | PC1=0.147
  Epoch  8 | Acc=0.629 | GradBias=0.2716 | GradW=0.6047 | SimL1=0.858 SimL3=0.807 | PC1=0.148
  Epoch  9 | Acc=0.643 | GradBias=0.3372 | GradW=0.7317 | SimL1=0.863 SimL3=0.811 | PC1=0.150
  Epoch 10 | Acc=0.653 | GradBias=0.2402 | GradW=0.5235 | SimL1=0.868 SimL3=0.815 | PC1=0.151
  Epoch 11 | Acc=0.661 | GradBias=0.2388 | GradW=0.5254 | SimL1=0.871 SimL3=0.818 | PC1=0.152
  Epoch 12 | Acc=0.668 | GradBias=0.3618 | GradW=0.7930 | SimL1=0.875 SimL3=0.820 | PC1=0.152
  Epoch 13 | Acc=0.674 | GradBias=0.2381 | GradW=0.5239 | SimL1=0.877 SimL3=0.822 | PC1=0.153
  Epoch 14 | Acc=0.679 | GradBias=0.2699 | GradW=0.5881 | SimL1=0.880 SimL3=0.824 | PC1=0.154
  Epoch 15 | Acc=0.683 | GradBias=0.2690 | GradW=0.5862 | SimL1=0.881 SimL3=0.825 | PC1=0.154

============================================================
Hook=L1 (net[1]) | Regime=Teacher-Only
============================================================
  Epoch  1 | Acc=0.159 | GradBias=0.3144 | GradW=1.0206 | SimL1=0.727 SimL3=0.680 | PC1=0.117
  Epoch  2 | Acc=0.265 | GradBias=0.3791 | GradW=1.1239 | SimL1=0.772 SimL3=0.724 | PC1=0.125
  Epoch  3 | Acc=0.367 | GradBias=0.2715 | GradW=0.7956 | SimL1=0.806 SimL3=0.756 | PC1=0.134
  Epoch  4 | Acc=0.446 | GradBias=0.3737 | GradW=1.0396 | SimL1=0.830 SimL3=0.777 | PC1=0.141
  Epoch  5 | Acc=0.501 | GradBias=0.3174 | GradW=0.8765 | SimL1=0.847 SimL3=0.791 | PC1=0.147
  Epoch  6 | Acc=0.546 | GradBias=0.3463 | GradW=0.9456 | SimL1=0.860 SimL3=0.802 | PC1=0.151
  Epoch  7 | Acc=0.578 | GradBias=0.3836 | GradW=1.0202 | SimL1=0.870 SimL3=0.810 | PC1=0.154
  Epoch  8 | Acc=0.605 | GradBias=0.4580 | GradW=1.2138 | SimL1=0.878 SimL3=0.816 | PC1=0.156
  Epoch  9 | Acc=0.629 | GradBias=0.2355 | GradW=0.6300 | SimL1=0.884 SimL3=0.820 | PC1=0.158
  Epoch 10 | Acc=0.646 | GradBias=0.3411 | GradW=0.8907 | SimL1=0.889 SimL3=0.824 | PC1=0.160
  Epoch 11 | Acc=0.658 | GradBias=0.4063 | GradW=1.0521 | SimL1=0.893 SimL3=0.826 | PC1=0.161
  Epoch 12 | Acc=0.672 | GradBias=0.3885 | GradW=1.0056 | SimL1=0.897 SimL3=0.829 | PC1=0.162
  Epoch 13 | Acc=0.678 | GradBias=0.4270 | GradW=1.0859 | SimL1=0.900 SimL3=0.831 | PC1=0.163
  Epoch 14 | Acc=0.685 | GradBias=0.3988 | GradW=1.0103 | SimL1=0.902 SimL3=0.833 | PC1=0.163
  Epoch 15 | Acc=0.693 | GradBias=0.3734 | GradW=0.9314 | SimL1=0.904 SimL3=0.834 | PC1=0.164

============================================================
Hook=L1 (net[1]) | Regime=Both
============================================================
  Epoch  1 | Acc=0.318 | GradBias=0.0766 | GradW=0.3365 | SimL1=0.751 SimL3=0.717 | PC1=0.120
  Epoch  2 | Acc=0.487 | GradBias=0.0601 | GradW=0.2491 | SimL1=0.800 SimL3=0.768 | PC1=0.131
  Epoch  3 | Acc=0.584 | GradBias=0.0749 | GradW=0.2368 | SimL1=0.833 SimL3=0.800 | PC1=0.140
  Epoch  4 | Acc=0.639 | GradBias=0.0576 | GradW=0.1815 | SimL1=0.855 SimL3=0.821 | PC1=0.146
  Epoch  5 | Acc=0.671 | GradBias=0.0487 | GradW=0.1571 | SimL1=0.870 SimL3=0.835 | PC1=0.150
  Epoch  6 | Acc=0.693 | GradBias=0.0526 | GradW=0.1513 | SimL1=0.881 SimL3=0.845 | PC1=0.153
  Epoch  7 | Acc=0.708 | GradBias=0.0388 | GradW=0.1206 | SimL1=0.889 SimL3=0.853 | PC1=0.155
  Epoch  8 | Acc=0.719 | GradBias=0.0560 | GradW=0.1443 | SimL1=0.895 SimL3=0.859 | PC1=0.157
  Epoch  9 | Acc=0.728 | GradBias=0.0515 | GradW=0.1330 | SimL1=0.900 SimL3=0.864 | PC1=0.158
  Epoch 10 | Acc=0.735 | GradBias=0.0593 | GradW=0.1449 | SimL1=0.904 SimL3=0.868 | PC1=0.159
  Epoch 11 | Acc=0.740 | GradBias=0.0363 | GradW=0.1020 | SimL1=0.907 SimL3=0.871 | PC1=0.159
  Epoch 12 | Acc=0.744 | GradBias=0.0492 | GradW=0.1230 | SimL1=0.910 SimL3=0.873 | PC1=0.160
  Epoch 13 | Acc=0.747 | GradBias=0.0494 | GradW=0.1242 | SimL1=0.912 SimL3=0.876 | PC1=0.161
  Epoch 14 | Acc=0.750 | GradBias=0.0440 | GradW=0.1076 | SimL1=0.914 SimL3=0.877 | PC1=0.161
  Epoch 15 | Acc=0.753 | GradBias=0.0437 | GradW=0.1074 | SimL1=0.916 SimL3=0.879 | PC1=0.161

============================================================
Hook=L3 (net[3]) | Regime=Standard
============================================================
  Epoch  1 | Acc=0.167 | GradBias=0.1539 | GradW=0.6088 | SimL1=0.734 SimL3=0.708 | PC1=0.132
  Epoch  2 | Acc=0.283 | GradBias=0.1087 | GradW=0.4486 | SimL1=0.783 SimL3=0.764 | PC1=0.142
  Epoch  3 | Acc=0.383 | GradBias=0.1167 | GradW=0.4552 | SimL1=0.817 SimL3=0.800 | PC1=0.154
  Epoch  4 | Acc=0.460 | GradBias=0.0690 | GradW=0.2863 | SimL1=0.842 SimL3=0.824 | PC1=0.162
  Epoch  5 | Acc=0.518 | GradBias=0.0669 | GradW=0.2705 | SimL1=0.859 SimL3=0.840 | PC1=0.169
  Epoch  6 | Acc=0.565 | GradBias=0.0660 | GradW=0.2558 | SimL1=0.872 SimL3=0.853 | PC1=0.173
  Epoch  7 | Acc=0.601 | GradBias=0.0725 | GradW=0.2758 | SimL1=0.882 SimL3=0.862 | PC1=0.177
  Epoch  8 | Acc=0.628 | GradBias=0.0641 | GradW=0.2475 | SimL1=0.890 SimL3=0.869 | PC1=0.179
  Epoch  9 | Acc=0.650 | GradBias=0.0557 | GradW=0.2126 | SimL1=0.896 SimL3=0.874 | PC1=0.181
  Epoch 10 | Acc=0.667 | GradBias=0.0587 | GradW=0.2198 | SimL1=0.901 SimL3=0.878 | PC1=0.183
  Epoch 11 | Acc=0.683 | GradBias=0.0594 | GradW=0.2176 | SimL1=0.905 SimL3=0.882 | PC1=0.184
  Epoch 12 | Acc=0.695 | GradBias=0.0630 | GradW=0.2289 | SimL1=0.909 SimL3=0.885 | PC1=0.185
  Epoch 13 | Acc=0.704 | GradBias=0.0427 | GradW=0.1587 | SimL1=0.911 SimL3=0.888 | PC1=0.186
  Epoch 14 | Acc=0.712 | GradBias=0.0322 | GradW=0.1267 | SimL1=0.914 SimL3=0.890 | PC1=0.187
  Epoch 15 | Acc=0.719 | GradBias=0.0512 | GradW=0.1860 | SimL1=0.916 SimL3=0.892 | PC1=0.187

============================================================
Hook=L3 (net[3]) | Regime=Student-Only
============================================================
  Epoch  1 | Acc=0.392 | GradBias=5.0060 | GradW=0.3202 | SimL1=0.739 SimL3=0.736 | PC1=0.132
  Epoch  2 | Acc=0.605 | GradBias=4.6116 | GradW=0.2351 | SimL1=0.787 SimL3=0.789 | PC1=0.146
  Epoch  3 | Acc=0.707 | GradBias=4.0760 | GradW=0.1926 | SimL1=0.821 SimL3=0.822 | PC1=0.159
  Epoch  4 | Acc=0.753 | GradBias=3.7447 | GradW=0.1515 | SimL1=0.844 SimL3=0.843 | PC1=0.167
  Epoch  5 | Acc=0.781 | GradBias=3.2864 | GradW=0.1335 | SimL1=0.861 SimL3=0.859 | PC1=0.174
  Epoch  6 | Acc=0.798 | GradBias=3.0173 | GradW=0.1096 | SimL1=0.873 SimL3=0.869 | PC1=0.178
  Epoch  7 | Acc=0.810 | GradBias=2.7478 | GradW=0.0986 | SimL1=0.882 SimL3=0.877 | PC1=0.181
  Epoch  8 | Acc=0.818 | GradBias=2.5257 | GradW=0.0876 | SimL1=0.889 SimL3=0.884 | PC1=0.183
  Epoch  9 | Acc=0.824 | GradBias=2.3361 | GradW=0.0786 | SimL1=0.895 SimL3=0.888 | PC1=0.185
  Epoch 10 | Acc=0.828 | GradBias=2.0824 | GradW=0.0707 | SimL1=0.900 SimL3=0.892 | PC1=0.186
  Epoch 11 | Acc=0.832 | GradBias=1.8824 | GradW=0.0656 | SimL1=0.904 SimL3=0.896 | PC1=0.188
  Epoch 12 | Acc=0.835 | GradBias=1.8269 | GradW=0.0605 | SimL1=0.907 SimL3=0.898 | PC1=0.188
  Epoch 13 | Acc=0.837 | GradBias=1.6655 | GradW=0.0546 | SimL1=0.909 SimL3=0.900 | PC1=0.189
  Epoch 14 | Acc=0.839 | GradBias=1.4537 | GradW=0.0523 | SimL1=0.912 SimL3=0.902 | PC1=0.190
  Epoch 15 | Acc=0.840 | GradBias=1.3408 | GradW=0.0470 | SimL1=0.913 SimL3=0.904 | PC1=0.191

============================================================
Hook=L3 (net[3]) | Regime=Teacher-Only
============================================================
  Epoch  1 | Acc=0.168 | GradBias=0.4305 | GradW=1.4032 | SimL1=0.723 SimL3=0.695 | PC1=0.132
  Epoch  2 | Acc=0.275 | GradBias=0.4910 | GradW=1.5999 | SimL1=0.769 SimL3=0.746 | PC1=0.140
  Epoch  3 | Acc=0.368 | GradBias=0.2689 | GradW=0.9270 | SimL1=0.804 SimL3=0.781 | PC1=0.150
  Epoch  4 | Acc=0.442 | GradBias=0.4635 | GradW=1.5255 | SimL1=0.828 SimL3=0.805 | PC1=0.159
  Epoch  5 | Acc=0.500 | GradBias=0.4386 | GradW=1.4510 | SimL1=0.846 SimL3=0.821 | PC1=0.165
  Epoch  6 | Acc=0.545 | GradBias=0.3841 | GradW=1.2674 | SimL1=0.860 SimL3=0.834 | PC1=0.170
  Epoch  7 | Acc=0.576 | GradBias=0.3905 | GradW=1.2949 | SimL1=0.871 SimL3=0.843 | PC1=0.174
  Epoch  8 | Acc=0.603 | GradBias=0.5251 | GradW=1.7276 | SimL1=0.879 SimL3=0.849 | PC1=0.177
  Epoch  9 | Acc=0.624 | GradBias=0.3866 | GradW=1.2535 | SimL1=0.885 SimL3=0.855 | PC1=0.179
  Epoch 10 | Acc=0.642 | GradBias=0.4968 | GradW=1.6203 | SimL1=0.891 SimL3=0.860 | PC1=0.181
  Epoch 11 | Acc=0.656 | GradBias=0.4767 | GradW=1.5463 | SimL1=0.896 SimL3=0.863 | PC1=0.183
  Epoch 12 | Acc=0.669 | GradBias=0.4454 | GradW=1.4344 | SimL1=0.899 SimL3=0.865 | PC1=0.184
  Epoch 13 | Acc=0.681 | GradBias=0.4897 | GradW=1.5789 | SimL1=0.903 SimL3=0.868 | PC1=0.185
  Epoch 14 | Acc=0.693 | GradBias=0.5474 | GradW=1.7720 | SimL1=0.905 SimL3=0.870 | PC1=0.185
  Epoch 15 | Acc=0.702 | GradBias=0.5116 | GradW=1.6496 | SimL1=0.908 SimL3=0.872 | PC1=0.187

============================================================
Hook=L3 (net[3]) | Regime=Both
============================================================
  Epoch  1 | Acc=0.398 | GradBias=0.0102 | GradW=0.3191 | SimL1=0.740 SimL3=0.738 | PC1=0.133
  Epoch  2 | Acc=0.613 | GradBias=0.0111 | GradW=0.2350 | SimL1=0.790 SimL3=0.791 | PC1=0.147
  Epoch  3 | Acc=0.713 | GradBias=0.0115 | GradW=0.1924 | SimL1=0.824 SimL3=0.824 | PC1=0.160
  Epoch  4 | Acc=0.759 | GradBias=0.0063 | GradW=0.1515 | SimL1=0.848 SimL3=0.846 | PC1=0.169
  Epoch  5 | Acc=0.787 | GradBias=0.0068 | GradW=0.1333 | SimL1=0.864 SimL3=0.861 | PC1=0.176
  Epoch  6 | Acc=0.803 | GradBias=0.0068 | GradW=0.1087 | SimL1=0.876 SimL3=0.872 | PC1=0.180
  Epoch  7 | Acc=0.813 | GradBias=0.0040 | GradW=0.0980 | SimL1=0.886 SimL3=0.880 | PC1=0.183
  Epoch  8 | Acc=0.821 | GradBias=0.0058 | GradW=0.0877 | SimL1=0.893 SimL3=0.886 | PC1=0.185
  Epoch  9 | Acc=0.827 | GradBias=0.0037 | GradW=0.0765 | SimL1=0.898 SimL3=0.891 | PC1=0.187
  Epoch 10 | Acc=0.831 | GradBias=0.0034 | GradW=0.0689 | SimL1=0.902 SimL3=0.894 | PC1=0.188
  Epoch 11 | Acc=0.835 | GradBias=0.0038 | GradW=0.0632 | SimL1=0.906 SimL3=0.897 | PC1=0.189
  Epoch 12 | Acc=0.837 | GradBias=0.0031 | GradW=0.0569 | SimL1=0.909 SimL3=0.900 | PC1=0.190
  Epoch 13 | Acc=0.839 | GradBias=0.0027 | GradW=0.0515 | SimL1=0.912 SimL3=0.902 | PC1=0.191
  Epoch 14 | Acc=0.841 | GradBias=0.0024 | GradW=0.0484 | SimL1=0.914 SimL3=0.904 | PC1=0.191
  Epoch 15 | Acc=0.842 | GradBias=0.0027 | GradW=0.0434 | SimL1=0.915 SimL3=0.905 | PC1=0.192
✅ Uni-Code JSON saved: /home/eran.b/takehome/outputs/centering_sweep_results.json

✅ Finished 06_centering_mechanics → outputs/centering_sweep_results.json
